../Core/Src/main.c:92:5:main	8	static
../Core/Src/main.c:174:6:SystemClock_Config	88	static
../Core/Src/main.c:216:13:MX_USART6_UART_Init	8	static
../Core/Src/main.c:247:13:MX_DMA_Init	16	static
../Core/Src/main.c:268:13:MX_GPIO_Init	16	static
../Core/Src/main.c:295:6:subscription_callback	24	static
../Core/Src/main.c:308:5:_gettimeofday	32	static
../Core/Src/main.c:330:6:StartDefaultTask	312	static
../Core/Src/main.c:419:6:HAL_TIM_PeriodElapsedCallback	16	static
../Core/Src/main.c:437:6:Error_Handler	4	static,ignoring_inline_asm
