../Core/Src/main.c:87:6:HAL_TIM_PeriodElapsedCallback	24	static
../Core/Src/main.c:142:6:stop_pitch_motor	4	static
../Core/Src/main.c:169:6:home_motor	8	static
../Core/Src/main.c:190:6:change_period	4	static
../Core/Src/main.c:195:5:mm_to_microsteps	24	static
../Core/Src/main.c:206:5:main	72	static
../Core/Src/main.c:339:6:SystemClock_Config	88	static
../Core/Src/main.c:381:13:MX_I2C2_Init	8	static
../Core/Src/main.c:415:13:MX_TIM2_Init	64	static
../Core/Src/main.c:474:13:MX_GPIO_Init	56	static
../Core/Src/main.c:528:6:Error_Handler	4	static,ignoring_inline_asm
