../Core/Src/main.c:86:6:HAL_TIM_PeriodElapsedCallback	24	static
../Core/Src/main.c:135:6:stop_pitch_motor	4	static
../Core/Src/main.c:162:6:home_motor	8	static
../Core/Src/main.c:184:6:change_period	4	static
../Core/Src/main.c:189:5:mm_to_microsteps	24	static
../Core/Src/main.c:200:5:main	72	static
../Core/Src/main.c:334:6:SystemClock_Config	88	static
../Core/Src/main.c:376:13:MX_I2C2_Init	8	static
../Core/Src/main.c:410:13:MX_TIM2_Init	64	static
../Core/Src/main.c:469:13:MX_GPIO_Init	56	static
../Core/Src/main.c:523:6:Error_Handler	4	static,ignoring_inline_asm
